// Jest Snapshot v1, https://goo.gl/fbAQLP

exports[`App should render App 1`] = `
<div>
  <div>
    Dummy component
  </div>
</div>
`;
